Archive member included to satisfy reference by file (symbol)

c:/program files (x86)/atollic/truestudio for arm 8.0.0/armtools/bin/../lib/gcc/arm-atollic-eabi/6.3.1/../../../../arm-atollic-eabi/lib/armv7e-m/fpu\libc_nano.a(lib_a-init.o)
                              startup\startup_stm32f411xe.o (__libc_init_array)
c:/program files (x86)/atollic/truestudio for arm 8.0.0/armtools/bin/../lib/gcc/arm-atollic-eabi/6.3.1/armv7e-m/fpu\libgcc.a(_aeabi_uldivmod.o)
                              Drivers\STM32F4xx_HAL_Driver\Src\stm32f4xx_hal_rcc.o (__aeabi_uldivmod)
c:/program files (x86)/atollic/truestudio for arm 8.0.0/armtools/bin/../lib/gcc/arm-atollic-eabi/6.3.1/armv7e-m/fpu\libgcc.a(_udivmoddi4.o)
                              c:/program files (x86)/atollic/truestudio for arm 8.0.0/armtools/bin/../lib/gcc/arm-atollic-eabi/6.3.1/armv7e-m/fpu\libgcc.a(_aeabi_uldivmod.o) (__udivmoddi4)
c:/program files (x86)/atollic/truestudio for arm 8.0.0/armtools/bin/../lib/gcc/arm-atollic-eabi/6.3.1/armv7e-m/fpu\libgcc.a(_dvmd_tls.o)
                              c:/program files (x86)/atollic/truestudio for arm 8.0.0/armtools/bin/../lib/gcc/arm-atollic-eabi/6.3.1/armv7e-m/fpu\libgcc.a(_aeabi_uldivmod.o) (__aeabi_ldiv0)

Allocating common symbols
Common symbol       size              file

hUsbDeviceFS        0x224             Src\usb_device.o
hpcd                0x3f0             Src\usbd_conf.o
uwTick              0x4               Drivers\STM32F4xx_HAL_Driver\Src\stm32f4xx_hal.o
pFlash              0x20              Drivers\STM32F4xx_HAL_Driver\Src\stm32f4xx_hal_flash.o

Discarded input sections

 .text          0x00000000        0x0 c:/program files (x86)/atollic/truestudio for arm 8.0.0/armtools/bin/../lib/gcc/arm-atollic-eabi/6.3.1/armv7e-m/fpu/crti.o
 .data          0x00000000        0x0 c:/program files (x86)/atollic/truestudio for arm 8.0.0/armtools/bin/../lib/gcc/arm-atollic-eabi/6.3.1/armv7e-m/fpu/crti.o
 .bss           0x00000000        0x0 c:/program files (x86)/atollic/truestudio for arm 8.0.0/armtools/bin/../lib/gcc/arm-atollic-eabi/6.3.1/armv7e-m/fpu/crti.o
 .data          0x00000000        0x4 c:/program files (x86)/atollic/truestudio for arm 8.0.0/armtools/bin/../lib/gcc/arm-atollic-eabi/6.3.1/armv7e-m/fpu/crtbegin.o
 .text          0x00000000        0x0 Drivers\STM32F4xx_HAL_Driver\Src\stm32f4xx_hal.o
 .data          0x00000000        0x0 Drivers\STM32F4xx_HAL_Driver\Src\stm32f4xx_hal.o
 .bss           0x00000000        0x0 Drivers\STM32F4xx_HAL_Driver\Src\stm32f4xx_hal.o
 .text.HAL_MspInit
                0x00000000        0x2 Drivers\STM32F4xx_HAL_Driver\Src\stm32f4xx_hal.o
 .text.HAL_MspDeInit
                0x00000000        0x2 Drivers\STM32F4xx_HAL_Driver\Src\stm32f4xx_hal.o
 .text.HAL_DeInit
                0x00000000       0x2c Drivers\STM32F4xx_HAL_Driver\Src\stm32f4xx_hal.o
 .text.HAL_SuspendTick
                0x00000000       0x10 Drivers\STM32F4xx_HAL_Driver\Src\stm32f4xx_hal.o
 .text.HAL_ResumeTick
                0x00000000       0x10 Drivers\STM32F4xx_HAL_Driver\Src\stm32f4xx_hal.o
 .text.HAL_GetHalVersion
                0x00000000        0x8 Drivers\STM32F4xx_HAL_Driver\Src\stm32f4xx_hal.o
 .text.HAL_GetREVID
                0x00000000        0xc Drivers\STM32F4xx_HAL_Driver\Src\stm32f4xx_hal.o
 .text.HAL_GetDEVID
                0x00000000       0x10 Drivers\STM32F4xx_HAL_Driver\Src\stm32f4xx_hal.o
 .text.HAL_DBGMCU_EnableDBGSleepMode
                0x00000000       0x10 Drivers\STM32F4xx_HAL_Driver\Src\stm32f4xx_hal.o
 .text.HAL_DBGMCU_DisableDBGSleepMode
                0x00000000       0x10 Drivers\STM32F4xx_HAL_Driver\Src\stm32f4xx_hal.o
 .text.HAL_DBGMCU_EnableDBGStopMode
                0x00000000       0x10 Drivers\STM32F4xx_HAL_Driver\Src\stm32f4xx_hal.o
 .text.HAL_DBGMCU_DisableDBGStopMode
                0x00000000       0x10 Drivers\STM32F4xx_HAL_Driver\Src\stm32f4xx_hal.o
 .text.HAL_DBGMCU_EnableDBGStandbyMode
                0x00000000       0x10 Drivers\STM32F4xx_HAL_Driver\Src\stm32f4xx_hal.o
 .text.HAL_DBGMCU_DisableDBGStandbyMode
                0x00000000       0x10 Drivers\STM32F4xx_HAL_Driver\Src\stm32f4xx_hal.o
 .text.HAL_EnableCompensationCell
                0x00000000        0xc Drivers\STM32F4xx_HAL_Driver\Src\stm32f4xx_hal.o
 .text.HAL_DisableCompensationCell
                0x00000000        0xc Drivers\STM32F4xx_HAL_Driver\Src\stm32f4xx_hal.o
 .text.HAL_GetUID
                0x00000000       0x20 Drivers\STM32F4xx_HAL_Driver\Src\stm32f4xx_hal.o
 .text          0x00000000        0x0 Drivers\STM32F4xx_HAL_Driver\Src\stm32f4xx_hal_cortex.o
 .data          0x00000000        0x0 Drivers\STM32F4xx_HAL_Driver\Src\stm32f4xx_hal_cortex.o
 .bss           0x00000000        0x0 Drivers\STM32F4xx_HAL_Driver\Src\stm32f4xx_hal_cortex.o
 .text.HAL_NVIC_DisableIRQ
                0x00000000       0x1c Drivers\STM32F4xx_HAL_Driver\Src\stm32f4xx_hal_cortex.o
 .text.HAL_NVIC_SystemReset
[...]
Memory Configuration

Name             Origin             Length             Attributes
RAM              0x20000000         0x00020000         xrw
FLASH            0x08000000         0x00080000         xr
*default*        0x00000000         0xffffffff

Linker script and memory map

LOAD c:/program files (x86)/atollic/truestudio for arm 8.0.0/armtools/bin/../lib/gcc/arm-atollic-eabi/6.3.1/armv7e-m/fpu/crti.o
LOAD c:/program files (x86)/atollic/truestudio for arm 8.0.0/armtools/bin/../lib/gcc/arm-atollic-eabi/6.3.1/armv7e-m/fpu/crtbegin.o
LOAD Drivers\STM32F4xx_HAL_Driver\Src\stm32f4xx_hal.o
LOAD Drivers\STM32F4xx_HAL_Driver\Src\stm32f4xx_hal_cortex.o
LOAD Drivers\STM32F4xx_HAL_Driver\Src\stm32f4xx_hal_dma.o
LOAD Drivers\STM32F4xx_HAL_Driver\Src\stm32f4xx_hal_dma_ex.o
LOAD Drivers\STM32F4xx_HAL_Driver\Src\stm32f4xx_hal_flash.o
LOAD Drivers\STM32F4xx_HAL_Driver\Src\stm32f4xx_hal_flash_ex.o
LOAD Drivers\STM32F4xx_HAL_Driver\Src\stm32f4xx_hal_flash_ramfunc.o
LOAD Drivers\STM32F4xx_HAL_Driver\Src\stm32f4xx_hal_gpio.o
LOAD Drivers\STM32F4xx_HAL_Driver\Src\stm32f4xx_hal_pcd.o
LOAD Drivers\STM32F4xx_HAL_Driver\Src\stm32f4xx_hal_pcd_ex.o
LOAD Drivers\STM32F4xx_HAL_Driver\Src\stm32f4xx_hal_pwr.o
LOAD Drivers\STM32F4xx_HAL_Driver\Src\stm32f4xx_hal_pwr_ex.o
LOAD Drivers\STM32F4xx_HAL_Driver\Src\stm32f4xx_hal_rcc.o
LOAD Drivers\STM32F4xx_HAL_Driver\Src\stm32f4xx_hal_rcc_ex.o
LOAD Drivers\STM32F4xx_HAL_Driver\Src\stm32f4xx_hal_tim.o
LOAD Drivers\STM32F4xx_HAL_Driver\Src\stm32f4xx_hal_tim_ex.o
LOAD Drivers\STM32F4xx_HAL_Driver\Src\stm32f4xx_ll_usb.o
LOAD Middlewares\ST\STM32_USB_Device_Library\Class\CDC\Src\usbd_ecm.o
LOAD Middlewares\ST\STM32_USB_Device_Library\Core\Src\usbd_core.o
LOAD Middlewares\ST\STM32_USB_Device_Library\Core\Src\usbd_ctlreq.o
LOAD Middlewares\ST\STM32_USB_Device_Library\Core\Src\usbd_ioreq.o
LOAD Src\NetworkInterface.o
LOAD Src\main.o
LOAD Src\stm32f4xx_hal_msp.o
LOAD Src\stm32f4xx_it.o
LOAD Src\system_stm32f4xx.o
LOAD Src\usb_device.o
LOAD Src\usbd_conf.o
LOAD Src\usbd_desc.o
LOAD startup\startup_stm32f411xe.o
                0x00000080                malloc_getpagesize_P = 0x80
START GROUP
LOAD c:/program files (x86)/atollic/truestudio for arm 8.0.0/armtools/bin/../lib/gcc/arm-atollic-eabi/6.3.1/../../../../arm-atollic-eabi/lib/armv7e-m/fpu\libc_nano.a
LOAD c:/program files (x86)/atollic/truestudio for arm 8.0.0/armtools/bin/../lib/gcc/arm-atollic-eabi/6.3.1/../../../../arm-atollic-eabi/lib/armv7e-m/fpu\libm.a
END GROUP
START GROUP
LOAD c:/program files (x86)/atollic/truestudio for arm 8.0.0/armtools/bin/../lib/gcc/arm-atollic-eabi/6.3.1/armv7e-m/fpu\libgcc.a
LOAD c:/program files (x86)/atollic/truestudio for arm 8.0.0/armtools/bin/../lib/gcc/arm-atollic-eabi/6.3.1/../../../../arm-atollic-eabi/lib/armv7e-m/fpu\libc_nano.a
END GROUP
START GROUP
LOAD c:/program files (x86)/atollic/truestudio for arm 8.0.0/armtools/bin/../lib/gcc/arm-atollic-eabi/6.3.1/armv7e-m/fpu\libgcc.a
LOAD c:/program files (x86)/atollic/truestudio for arm 8.0.0/armtools/bin/../lib/gcc/arm-atollic-eabi/6.3.1/../../../../arm-atollic-eabi/lib/armv7e-m/fpu\libc_nano.a
LOAD c:/program files (x86)/atollic/truestudio for arm 8.0.0/armtools/bin/../lib/gcc/arm-atollic-eabi/6.3.1/../../../../arm-atollic-eabi/lib/armv7e-m/fpu\libnosys.a
END GROUP
START GROUP
LOAD c:/program files (x86)/atollic/truestudio for arm 8.0.0/armtools/bin/../lib/gcc/arm-atollic-eabi/6.3.1/armv7e-m/fpu\libgcc.a
LOAD c:/program files (x86)/atollic/truestudio for arm 8.0.0/armtools/bin/../lib/gcc/arm-atollic-eabi/6.3.1/../../../../arm-atollic-eabi/lib/armv7e-m/fpu\libc_nano.a
LOAD c:/program files (x86)/atollic/truestudio for arm 8.0.0/armtools/bin/../lib/gcc/arm-atollic-eabi/6.3.1/../../../../arm-atollic-eabi/lib/armv7e-m/fpu\libnosys.a
END GROUP
LOAD c:/program files (x86)/atollic/truestudio for arm 8.0.0/armtools/bin/../lib/gcc/arm-atollic-eabi/6.3.1/armv7e-m/fpu/crtend.o
LOAD c:/program files (x86)/atollic/truestudio for arm 8.0.0/armtools/bin/../lib/gcc/arm-atollic-eabi/6.3.1/armv7e-m/fpu/crtn.o
                0x20020000                _estack = 0x20020000
                0x00000200                _Min_Heap_Size = 0x200
                0x00000400                _Min_Stack_Size = 0x400

.isr_vector     0x08000000      0x198
                0x08000000                . = ALIGN (0x4)
 *(.isr_vector)
 .isr_vector    0x08000000      0x198 startup\startup_stm32f411xe.o
                0x08000000                g_pfnVectors
                0x08000198                . = ALIGN (0x4)

.text           0x08000198     0x2838
                0x08000198                . = ALIGN (0x4)
 *(.text)
 .text          0x08000198       0x40 c:/program files (x86)/atollic/truestudio for arm 8.0.0/armtools/bin/../lib/gcc/arm-atollic-eabi/6.3.1/armv7e-m/fpu/crtbegin.o
 .text          0x080001d8       0x30 c:/program files (x86)/atollic/truestudio for arm 8.0.0/armtools/bin/../lib/gcc/arm-atollic-eabi/6.3.1/armv7e-m/fpu\libgcc.a(_aeabi_uldivmod.o)
                0x080001d8                __aeabi_uldivmod
 .text          0x08000208      0x2dc c:/program files (x86)/atollic/truestudio for arm 8.0.0/armtools/bin/../lib/gcc/arm-atollic-eabi/6.3.1/armv7e-m/fpu\libgcc.a(_udivmoddi4.o)
                0x08000208                __udivmoddi4
 .text          0x080004e4        0x4 c:/program files (x86)/atollic/truestudio for arm 8.0.0/armtools/bin/../lib/gcc/arm-atollic-eabi/6.3.1/armv7e-m/fpu\libgcc.a(_dvmd_tls.o)
                0x080004e4                __aeabi_idiv0
                0x080004e4                __aeabi_ldiv0
 *(.text*)
 .text.HAL_InitTick
                0x080004e8       0x28 Drivers\STM32F4xx_HAL_Driver\Src\stm32f4xx_hal.o
                0x080004e8                HAL_InitTick
 .text.HAL_Init
                0x08000510       0x34 Drivers\STM32F4xx_HAL_Driver\Src\stm32f4xx_hal.o
                0x08000510                HAL_Init
 .text.HAL_IncTick
                0x08000544       0x10 Drivers\STM32F4xx_HAL_Driver\Src\stm32f4xx_hal.o
                0x08000544                HAL_IncTick
 .text.HAL_GetTick
                0x08000554        0xc Drivers\STM32F4xx_HAL_Driver\Src\stm32f4xx_hal.o
                0x08000554                HAL_GetTick
 .text.HAL_Delay
                0x08000560       0x20 Drivers\STM32F4xx_HAL_Driver\Src\stm32f4xx_hal.o
                0x08000560                HAL_Delay
 .text.HAL_NVIC_SetPriorityGrouping
                0x08000580       0x24 Drivers\STM32F4xx_HAL_Driver\Src\stm32f4xx_hal_cortex.o
                0x08000580                HAL_NVIC_SetPriorityGrouping
 .text.HAL_NVIC_SetPriority
                0x080005a4       0x68 Drivers\STM32F4xx_HAL_Driver\Src\stm32f4xx_hal_cortex.o
                0x080005a4                HAL_NVIC_SetPriority
 .text.HAL_NVIC_EnableIRQ
                0x0800060c       0x18 Drivers\STM32F4xx_HAL_Driver\Src\stm32f4xx_hal_cortex.o
                0x0800060c                HAL_NVIC_EnableIRQ
 .text.HAL_SYSTICK_Config
                0x08000624       0x2c Drivers\STM32F4xx_HAL_Driver\Src\stm32f4xx_hal_cortex.o
                0x08000624                HAL_SYSTICK_Config
 .text.HAL_SYSTICK_CLKSourceConfig
                0x08000650       0x18 Drivers\STM32F4xx_HAL_Driver\Src\stm32f4xx_hal_cortex.o
                0x08000650                HAL_SYSTICK_CLKSourceConfig
 .text.HAL_SYSTICK_Callback
                0x08000668        0x2 Drivers\STM32F4xx_HAL_Driver\Src\stm32f4xx_hal_cortex.o
                0x08000668                HAL_SYSTICK_Callback
 .text.HAL_SYSTICK_IRQHandler
                0x0800066a        0x8 Drivers\STM32F4xx_HAL_Driver\Src\stm32f4xx_hal_cortex.o
                0x0800066a                HAL_SYSTICK_IRQHandler
 *fill*         0x08000672        0x2 
 .text.HAL_GPIO_Init
                0x08000674      0x1ac Drivers\STM32F4xx_HAL_Driver\Src\stm32f4xx_hal_gpio.o
                0x08000674                HAL_GPIO_Init
 .text.HAL_PCD_Init
                0x08000820       0xd8 Drivers\STM32F4xx_HAL_Driver\Src\stm32f4xx_hal_pcd.o
                0x08000820                HAL_PCD_Init
 .text.HAL_PCD_Start
                0x080008f8       0x2a Drivers\STM32F4xx_HAL_Driver\Src\stm32f4xx_hal_pcd.o
                0x080008f8                HAL_PCD_Start
 *fill*         0x08000922        0x2 
 .text.HAL_PCD_IRQHandler
                0x08000924      0x558 Drivers\STM32F4xx_HAL_Driver\Src\stm32f4xx_hal_pcd.o
                0x08000924                HAL_PCD_IRQHandler
 .text.HAL_PCD_SetAddress
                0x08000e7c       0x24 Drivers\STM32F4xx_HAL_Driver\Src\stm32f4xx_hal_pcd.o
                0x08000e7c                HAL_PCD_SetAddress
 .text.HAL_PCD_EP_Open
                0x08000ea0       0x5c Drivers\STM32F4xx_HAL_Driver\Src\stm32f4xx_hal_pcd.o
                0x08000ea0                HAL_PCD_EP_Open
 .text.HAL_PCD_EP_Close
                0x08000efc       0x46 Drivers\STM32F4xx_HAL_Driver\Src\stm32f4xx_hal_pcd.o
                0x08000efc                HAL_PCD_EP_Close
 .text.HAL_PCD_EP_Receive
                0x08000f42       0x48 Drivers\STM32F4xx_HAL_Driver\Src\stm32f4xx_hal_pcd.o
                0x08000f42                HAL_PCD_EP_Receive
 .text.HAL_PCD_EP_GetRxCount
                0x08000f8a       0x10 Drivers\STM32F4xx_HAL_Driver\Src\stm32f4xx_hal_pcd.o
                0x08000f8a                HAL_PCD_EP_GetRxCount
 .text.HAL_PCD_EP_Transmit
                0x08000f9a       0x40 Drivers\STM32F4xx_HAL_Driver\Src\stm32f4xx_hal_pcd.o
                0x08000f9a                HAL_PCD_EP_Transmit
 .text.HAL_PCD_EP_SetStall
                0x08000fda       0x58 Drivers\STM32F4xx_HAL_Driver\Src\stm32f4xx_hal_pcd.o
                0x08000fda                HAL_PCD_EP_SetStall
 .text.HAL_PCD_EP_ClrStall
                0x08001032       0x4a Drivers\STM32F4xx_HAL_Driver\Src\stm32f4xx_hal_pcd.o
                0x08001032                HAL_PCD_EP_ClrStall
 .text.HAL_RCC_OscConfig
                0x0800107c      0x2ec Drivers\STM32F4xx_HAL_Driver\Src\stm32f4xx_hal_rcc.o
                0x0800107c                HAL_RCC_OscConfig
 .text.HAL_RCC_GetSysClockFreq
                0x08001368       0x5c Drivers\STM32F4xx_HAL_Driver\Src\stm32f4xx_hal_rcc.o
                0x08001368                HAL_RCC_GetSysClockFreq
 .text.HAL_RCC_ClockConfig
                0x080013c4      0x134 Drivers\STM32F4xx_HAL_Driver\Src\stm32f4xx_hal_rcc.o
                0x080013c4                HAL_RCC_ClockConfig
 .text.HAL_RCC_GetHCLKFreq
                0x080014f8        0xc Drivers\STM32F4xx_HAL_Driver\Src\stm32f4xx_hal_rcc.o
                0x080014f8                HAL_RCC_GetHCLKFreq
 .text.USB_CoreInit
                0x08001504       0x74 Drivers\STM32F4xx_HAL_Driver\Src\stm32f4xx_ll_usb.o
                0x08001504                USB_CoreInit
 .text.USB_EnableGlobalInt
                0x08001578        0xc Drivers\STM32F4xx_HAL_Driver\Src\stm32f4xx_ll_usb.o
                0x08001578                USB_EnableGlobalInt
 .text.USB_DisableGlobalInt
                0x08001584        0xc Drivers\STM32F4xx_HAL_Driver\Src\stm32f4xx_ll_usb.o
                0x08001584                USB_DisableGlobalInt
 .text.USB_SetCurrentMode
                0x08001590       0x2e Drivers\STM32F4xx_HAL_Driver\Src\stm32f4xx_ll_usb.o
                0x08001590                USB_SetCurrentMode
 *fill*         0x080015be        0x2 
 .text.USB_DevInit
                0x080015c0      0x138 Drivers\STM32F4xx_HAL_Driver\Src\stm32f4xx_ll_usb.o
                0x080015c0                USB_DevInit
 .text.USB_FlushTxFifo
                0x080016f8       0x24 Drivers\STM32F4xx_HAL_Driver\Src\stm32f4xx_ll_usb.o
                0x080016f8                USB_FlushTxFifo
 .text.USB_FlushRxFifo
                0x0800171c       0x20 Drivers\STM32F4xx_HAL_Driver\Src\stm32f4xx_ll_usb.o
                0x0800171c                USB_FlushRxFifo
 .text.USB_SetDevSpeed
                0x0800173c        0xe Drivers\STM32F4xx_HAL_Driver\Src\stm32f4xx_ll_usb.o
                0x0800173c                USB_SetDevSpeed
 .text.USB_GetDevSpeed
                0x0800174a       0x36 Drivers\STM32F4xx_HAL_Driver\Src\stm32f4xx_ll_usb.o
                0x0800174a                USB_GetDevSpeed
 .text.USB_ActivateEndpoint
                0x08001780       0x7e Drivers\STM32F4xx_HAL_Driver\Src\stm32f4xx_ll_usb.o
                0x08001780                USB_ActivateEndpoint
 .text.USB_DeactivateEndpoint
                0x080017fe        0x4 Drivers\STM32F4xx_HAL_Driver\Src\stm32f4xx_ll_usb.o
                0x080017fe                USB_DeactivateEndpoint
 *fill*         0x08001802        0x2 
 .text.USB_DeactivateDedicatedEndpoint
                0x08001804       0xb0 Drivers\STM32F4xx_HAL_Driver\Src\stm32f4xx_ll_usb.o
                0x08001804                USB_DeactivateDedicatedEndpoint
 .text.USB_EPStartXfer
                0x080018b4      0x18c Drivers\STM32F4xx_HAL_Driver\Src\stm32f4xx_ll_usb.o
                0x080018b4                USB_EPStartXfer
 .text.USB_EP0StartXfer
                0x08001a40       0xda Drivers\STM32F4xx_HAL_Driver\Src\stm32f4xx_ll_usb.o
                0x08001a40                USB_EP0StartXfer
 .text.USB_WritePacket
                0x08001b1a       0x28 Drivers\STM32F4xx_HAL_Driver\Src\stm32f4xx_ll_usb.o
                0x08001b1a                USB_WritePacket
 .text.USB_ReadPacket
                0x08001b42       0x1c Drivers\STM32F4xx_HAL_Driver\Src\stm32f4xx_ll_usb.o
                0x08001b42                USB_ReadPacket
 .text.USB_EPSetStall
                0x08001b5e       0x3e Drivers\STM32F4xx_HAL_Driver\Src\stm32f4xx_ll_usb.o
                0x08001b5e                USB_EPSetStall
 .text.USB_EPClearStall
                0x08001b9c       0x32 Drivers\STM32F4xx_HAL_Driver\Src\stm32f4xx_ll_usb.o
                0x08001b9c                USB_EPClearStall
 .text.USB_SetDevAddress
                0x08001bce       0x20 Drivers\STM32F4xx_HAL_Driver\Src\stm32f4xx_ll_usb.o
                0x08001bce                USB_SetDevAddress
 .text.USB_DevConnect
                0x08001bee       0x18 Drivers\STM32F4xx_HAL_Driver\Src\stm32f4xx_ll_usb.o
                0x08001bee                USB_DevConnect
 .text.USB_DevDisconnect
                0x08001c06       0x18 Drivers\STM32F4xx_HAL_Driver\Src\stm32f4xx_ll_usb.o
                0x08001c06                USB_DevDisconnect
 .text.USB_ReadInterrupts
                0x08001c1e        0x8 Drivers\STM32F4xx_HAL_Driver\Src\stm32f4xx_ll_usb.o
                0x08001c1e                USB_ReadInterrupts
 .text.USB_ReadDevAllOutEpInterrupt
                0x08001c26       0x10 Drivers\STM32F4xx_HAL_Driver\Src\stm32f4xx_ll_usb.o
                0x08001c26                USB_ReadDevAllOutEpInterrupt
 .text.USB_ReadDevAllInEpInterrupt
                0x08001c36       0x10 Drivers\STM32F4xx_HAL_Driver\Src\stm32f4xx_ll_usb.o
                0x08001c36                USB_ReadDevAllInEpInterrupt
 .text.USB_ReadDevOutEPInterrupt
                0x08001c46       0x14 Drivers\STM32F4xx_HAL_Driver\Src\stm32f4xx_ll_usb.o
                0x08001c46                USB_ReadDevOutEPInterrupt
 .text.USB_ReadDevInEPInterrupt
                0x08001c5a       0x20 Drivers\STM32F4xx_HAL_Driver\Src\stm32f4xx_ll_usb.o
                0x08001c5a                USB_ReadDevInEPInterrupt
 .text.USB_GetMode
                0x08001c7a        0x8 Drivers\STM32F4xx_HAL_Driver\Src\stm32f4xx_ll_usb.o
                0x08001c7a                USB_GetMode
 .text.USB_ActivateSetup
                0x08001c82       0x36 Drivers\STM32F4xx_HAL_Driver\Src\stm32f4xx_ll_usb.o
                0x08001c82                USB_ActivateSetup
 .text.USB_EP0_OutStart
                0x08001cb8       0x46 Drivers\STM32F4xx_HAL_Driver\Src\stm32f4xx_ll_usb.o
                0x08001cb8                USB_EP0_OutStart
 *fill*         0x08001cfe        0x2 
 .text.USB_CoreReset
                0x08001d00       0x30 Drivers\STM32F4xx_HAL_Driver\Src\stm32f4xx_ll_usb.o
 .text.USBD_ECM_Setup
                0x08001d30        0x4 Middlewares\ST\STM32_USB_Device_Library\Class\CDC\Src\usbd_ecm.o
 .text.USBD_ECM_DataIn
                0x08001d34        0x4 Middlewares\ST\STM32_USB_Device_Library\Class\CDC\Src\usbd_ecm.o
 .text.USBD_ECM_EP0_RxReady
                0x08001d38        0x4 Middlewares\ST\STM32_USB_Device_Library\Class\CDC\Src\usbd_ecm.o
 .text.USBD_ECM_GetFSCfgDesc
                0x08001d3c       0x14 Middlewares\ST\STM32_USB_Device_Library\Class\CDC\Src\usbd_ecm.o
 .text.USBD_ECM_ReceivePacket
                0x08001d50       0x38 Middlewares\ST\STM32_USB_Device_Library\Class\CDC\Src\usbd_ecm.o
 .text.USBD_ECM_SOF
                0x08001d88       0x18 Middlewares\ST\STM32_USB_Device_Library\Class\CDC\Src\usbd_ecm.o
 .text.USBD_ECM_DataOut
                0x08001da0       0x68 Middlewares\ST\STM32_USB_Device_Library\Class\CDC\Src\usbd_ecm.o
 .text.USBD_ECM_DeInit
                0x08001e08       0x34 Middlewares\ST\STM32_USB_Device_Library\Class\CDC\Src\usbd_ecm.o
 .text.USBD_ECM_Init
                0x08001e3c       0x58 Middlewares\ST\STM32_USB_Device_Library\Class\CDC\Src\usbd_ecm.o
 .text.USBD_ECM_RegisterInterface
                0x08001e94        0x4 Middlewares\ST\STM32_USB_Device_Library\Class\CDC\Src\usbd_ecm.o
                0x08001e94                USBD_ECM_RegisterInterface
 .text.USBD_ECM_PMAConfig
                0x08001e98        0x2 Middlewares\ST\STM32_USB_Device_Library\Class\CDC\Src\usbd_ecm.o
                0x08001e98                USBD_ECM_PMAConfig
 .text.USBD_Init
                0x08001e9a       0x2a Middlewares\ST\STM32_USB_Device_Library\Core\Src\usbd_core.o
                0x08001e9a                USBD_Init
 .text.USBD_RegisterClass
                0x08001ec4        0xe Middlewares\ST\STM32_USB_Device_Library\Core\Src\usbd_core.o
                0x08001ec4                USBD_RegisterClass
 .text.USBD_Start
                0x08001ed2        0xa Middlewares\ST\STM32_USB_Device_Library\Core\Src\usbd_core.o
                0x08001ed2                USBD_Start
 .text.USBD_SetClassConfig
                0x08001edc       0x16 Middlewares\ST\STM32_USB_Device_Library\Core\Src\usbd_core.o
                0x08001edc                USBD_SetClassConfig
 .text.USBD_ClrClassConfig
                0x08001ef2        0xe Middlewares\ST\STM32_USB_Device_Library\Core\Src\usbd_core.o
                0x08001ef2                USBD_ClrClassConfig
 .text.USBD_LL_SetupStage
                0x08001f00       0x5a Middlewares\ST\STM32_USB_Device_Library\Core\Src\usbd_core.o
                0x08001f00                USBD_LL_SetupStage
 .text.USBD_LL_DataOutStage
                0x08001f5a       0x64 Middlewares\ST\STM32_USB_Device_Library\Core\Src\usbd_core.o
                0x08001f5a                USBD_LL_DataOutStage
 .text.USBD_LL_DataInStage
                0x08001fbe       0x9e Middlewares\ST\STM32_USB_Device_Library\Core\Src\usbd_core.o
                0x08001fbe                USBD_LL_DataInStage
 .text.USBD_LL_Reset
                0x0800205c       0x3e Middlewares\ST\STM32_USB_Device_Library\Core\Src\usbd_core.o
                0x0800205c                USBD_LL_Reset
 .text.USBD_LL_SetSpeed
                0x0800209a        0x6 Middlewares\ST\STM32_USB_Device_Library\Core\Src\usbd_core.o
                0x0800209a                USBD_LL_SetSpeed
 .text.USBD_LL_SOF
                0x080020a0       0x18 Middlewares\ST\STM32_USB_Device_Library\Core\Src\usbd_core.o
                0x080020a0                USBD_LL_SOF
 .text.USBD_LL_IsoINIncomplete
                0x080020b8        0x4 Middlewares\ST\STM32_USB_Device_Library\Core\Src\usbd_core.o
                0x080020b8                USBD_LL_IsoINIncomplete
 .text.USBD_LL_IsoOUTIncomplete
                0x080020bc        0x4 Middlewares\ST\STM32_USB_Device_Library\Core\Src\usbd_core.o
                0x080020bc                USBD_LL_IsoOUTIncomplete
 .text.USBD_LL_DevConnected
                0x080020c0        0x4 Middlewares\ST\STM32_USB_Device_Library\Core\Src\usbd_core.o
                0x080020c0                USBD_LL_DevConnected
 .text.USBD_LL_DevDisconnected
                0x080020c4       0x16 Middlewares\ST\STM32_USB_Device_Library\Core\Src\usbd_core.o
                0x080020c4                USBD_LL_DevDisconnected
 .text.USBD_CtlError.constprop.0
                0x080020da       0x16 Middlewares\ST\STM32_USB_Device_Library\Core\Src\usbd_ctlreq.o
 .text.USBD_StdDevReq
                0x080020f0      0x1f4 Middlewares\ST\STM32_USB_Device_Library\Core\Src\usbd_ctlreq.o
                0x080020f0                USBD_StdDevReq
 .text.USBD_StdItfReq
                0x080022e4       0x30 Middlewares\ST\STM32_USB_Device_Library\Core\Src\usbd_ctlreq.o
                0x080022e4                USBD_StdItfReq
 .text.USBD_StdEPReq
                0x08002314       0xc6 Middlewares\ST\STM32_USB_Device_Library\Core\Src\usbd_ctlreq.o
                0x08002314                USBD_StdEPReq
 .text.USBD_ParseSetupRequest
                0x080023da       0x28 Middlewares\ST\STM32_USB_Device_Library\Core\Src\usbd_ctlreq.o
                0x080023da                USBD_ParseSetupRequest
 .text.USBD_GetString
                0x08002402       0x38 Middlewares\ST\STM32_USB_Device_Library\Core\Src\usbd_ctlreq.o
                0x08002402                USBD_GetString
 .text.USBD_CtlSendData
                0x0800243a       0x1a Middlewares\ST\STM32_USB_Device_Library\Core\Src\usbd_ioreq.o
                0x0800243a                USBD_CtlSendData
 .text.USBD_CtlContinueSendData
                0x08002454       0x10 Middlewares\ST\STM32_USB_Device_Library\Core\Src\usbd_ioreq.o
                0x08002454                USBD_CtlContinueSendData
 .text.USBD_CtlContinueRx
                0x08002464       0x10 Middlewares\ST\STM32_USB_Device_Library\Core\Src\usbd_ioreq.o
                0x08002464                USBD_CtlContinueRx
 .text.USBD_CtlSendStatus
                0x08002474       0x16 Middlewares\ST\STM32_USB_Device_Library\Core\Src\usbd_ioreq.o
                0x08002474                USBD_CtlSendStatus
 .text.USBD_CtlReceiveStatus
                0x0800248a       0x16 Middlewares\ST\STM32_USB_Device_Library\Core\Src\usbd_ioreq.o
                0x0800248a                USBD_CtlReceiveStatus
 .text.OTG_FS_IRQHandler
                0x080024a0        0xc Src\NetworkInterface.o
                0x080024a0                OTG_FS_IRQHandler
 .text.ECM_ReceivePacket
                0x080024ac        0x2 Src\NetworkInterface.o
                0x080024ac                ECM_ReceivePacket
 *fill*         0x080024ae        0x2 
 .text.SystemClock_Config
                0x080024b0       0xac Src\main.o
                0x080024b0                SystemClock_Config
 .text.startup.main
                0x0800255c       0x40 Src\main.o
                0x0800255c                main
 .text.HAL_MspInit
                0x0800259c       0x60 Src\stm32f4xx_hal_msp.o
                0x0800259c                HAL_MspInit
 .text.NMI_Handler
                0x080025fc        0x2 Src\stm32f4xx_it.o
                0x080025fc                NMI_Handler
 .text.HardFault_Handler
                0x080025fe        0x2 Src\stm32f4xx_it.o
                0x080025fe                HardFault_Handler
 .text.MemManage_Handler
                0x08002600        0x2 Src\stm32f4xx_it.o
                0x08002600                MemManage_Handler
 .text.BusFault_Handler
                0x08002602        0x2 Src\stm32f4xx_it.o
                0x08002602                BusFault_Handler
 .text.UsageFault_Handler
                0x08002604        0x2 Src\stm32f4xx_it.o
                0x08002604                UsageFault_Handler
 .text.SVC_Handler
                0x08002606        0x2 Src\stm32f4xx_it.o
                0x08002606                SVC_Handler
 .text.DebugMon_Handler
                0x08002608        0x2 Src\stm32f4xx_it.o
                0x08002608                DebugMon_Handler
 .text.PendSV_Handler
                0x0800260a        0x2 Src\stm32f4xx_it.o
                0x0800260a                PendSV_Handler
 .text.SysTick_Handler
                0x0800260c        0xe Src\stm32f4xx_it.o
                0x0800260c                SysTick_Handler
 *fill*         0x0800261a        0x2 
 .text.SystemInit
                0x0800261c       0x4c Src\system_stm32f4xx.o
                0x0800261c                SystemInit
 .text.MX_USB_DEVICE_Init
                0x08002668       0x34 Src\usb_device.o
                0x08002668                MX_USB_DEVICE_Init
 .text.HAL_PCD_MspInit
                0x0800269c       0x70 Src\usbd_conf.o
                0x0800269c                HAL_PCD_MspInit
 .text.HAL_PCD_SetupStageCallback
                0x0800270c        0xc Src\usbd_conf.o
                0x0800270c                HAL_PCD_SetupStageCallback
 .text.HAL_PCD_DataOutStageCallback
                0x08002718       0x12 Src\usbd_conf.o
                0x08002718                HAL_PCD_DataOutStageCallback
 .text.HAL_PCD_DataInStageCallback
                0x0800272a       0x10 Src\usbd_conf.o
                0x0800272a                HAL_PCD_DataInStageCallback
 .text.HAL_PCD_SOFCallback
                0x0800273a        0x8 Src\usbd_conf.o
                0x0800273a                HAL_PCD_SOFCallback
 .text.HAL_PCD_ResetCallback
                0x08002742       0x1a Src\usbd_conf.o
                0x08002742                HAL_PCD_ResetCallback
 .text.HAL_PCD_SuspendCallback
                0x0800275c        0x2 Src\usbd_conf.o
                0x0800275c                HAL_PCD_SuspendCallback
 .text.HAL_PCD_ResumeCallback
                0x0800275e        0x2 Src\usbd_conf.o
                0x0800275e                HAL_PCD_ResumeCallback
 .text.HAL_PCD_ISOOUTIncompleteCallback
                0x08002760        0x8 Src\usbd_conf.o
                0x08002760                HAL_PCD_ISOOUTIncompleteCallback
 .text.HAL_PCD_ISOINIncompleteCallback
                0x08002768        0x8 Src\usbd_conf.o
                0x08002768                HAL_PCD_ISOINIncompleteCallback
 .text.HAL_PCD_ConnectCallback
                0x08002770        0x8 Src\usbd_conf.o
                0x08002770                HAL_PCD_ConnectCallback
 .text.HAL_PCD_DisconnectCallback
                0x08002778        0x8 Src\usbd_conf.o
                0x08002778                HAL_PCD_DisconnectCallback
 .text.USBD_LL_Init
                0x08002780       0x3c Src\usbd_conf.o
                0x08002780                USBD_LL_Init
 .text.USBD_LL_Start
                0x080027bc        0xe Src\usbd_conf.o
                0x080027bc                USBD_LL_Start
 .text.USBD_LL_OpenEP
                0x080027ca       0x14 Src\usbd_conf.o
                0x080027ca                USBD_LL_OpenEP
 .text.USBD_LL_CloseEP
                0x080027de        0xe Src\usbd_conf.o
                0x080027de                USBD_LL_CloseEP
 .text.USBD_LL_StallEP
                0x080027ec        0xe Src\usbd_conf.o
                0x080027ec                USBD_LL_StallEP
 .text.USBD_LL_ClearStallEP
                0x080027fa        0xe Src\usbd_conf.o
                0x080027fa                USBD_LL_ClearStallEP
 .text.USBD_LL_IsStallEP
                0x08002808       0x26 Src\usbd_conf.o
                0x08002808                USBD_LL_IsStallEP
 .text.USBD_LL_SetUSBAddress
                0x0800282e        0xe Src\usbd_conf.o
                0x0800282e                USBD_LL_SetUSBAddress
 .text.USBD_LL_Transmit
                0x0800283c       0x12 Src\usbd_conf.o
                0x0800283c                USBD_LL_Transmit
 .text.USBD_LL_PrepareReceive
                0x0800284e       0x12 Src\usbd_conf.o
                0x0800284e                USBD_LL_PrepareReceive
 .text.USBD_LL_GetRxDataSize
                0x08002860        0xc Src\usbd_conf.o
                0x08002860                USBD_LL_GetRxDataSize
 .text.USBD_VCP_DeviceDescriptor
                0x0800286c        0xc Src\usbd_desc.o
 .text.USBD_VCP_LangIDStrDescriptor
                0x08002878        0xc Src\usbd_desc.o
 .text.IntToUnicode
                0x08002884       0x28 Src\usbd_desc.o
 .text.USBD_VCP_SerialStrDescriptor
                0x080028ac       0x38 Src\usbd_desc.o
 .text.USBD_VCP_ProductStrDescriptor
                0x080028e4       0x1c Src\usbd_desc.o
 .text.USBD_VCP_ManufacturerStrDescriptor
                0x08002900       0x1c Src\usbd_desc.o
 .text.Reset_Handler
                0x0800291c       0x50 startup\startup_stm32f411xe.o
                0x0800291c                Reset_Handler
 .text.Default_Handler
                0x0800296c        0x2 startup\startup_stm32f411xe.o
                0x0800296c                RTC_Alarm_IRQHandler
                0x0800296c                EXTI2_IRQHandler
                0x0800296c                SPI4_IRQHandler
                0x0800296c                TIM1_CC_IRQHandler
                0x0800296c                DMA2_Stream5_IRQHandler
                0x0800296c                DMA1_Stream5_IRQHandler
                0x0800296c                PVD_IRQHandler
                0x0800296c                SDIO_IRQHandler
                0x0800296c                TAMP_STAMP_IRQHandler
                0x0800296c                EXTI3_IRQHandler
                0x0800296c                TIM1_UP_TIM10_IRQHandler
                0x0800296c                I2C3_ER_IRQHandler
                0x0800296c                EXTI0_IRQHandler
                0x0800296c                I2C2_EV_IRQHandler
                0x0800296c                DMA1_Stream2_IRQHandler
                0x0800296c                FPU_IRQHandler
                0x0800296c                DMA2_Stream2_IRQHandler
                0x0800296c                SPI1_IRQHandler
                0x0800296c                TIM1_BRK_TIM9_IRQHandler
                0x0800296c                DMA2_Stream3_IRQHandler
                0x0800296c                USART6_IRQHandler
                0x0800296c                DMA2_Stream0_IRQHandler
                0x0800296c                TIM4_IRQHandler
                0x0800296c                I2C1_EV_IRQHandler
                0x0800296c                DMA1_Stream6_IRQHandler
                0x0800296c                DMA1_Stream1_IRQHandler
                0x0800296c                TIM3_IRQHandler
                0x0800296c                RCC_IRQHandler
                0x0800296c                Default_Handler
                0x0800296c                EXTI15_10_IRQHandler
                0x0800296c                ADC_IRQHandler
                0x0800296c                DMA1_Stream7_IRQHandler
                0x0800296c                SPI5_IRQHandler
                0x0800296c                TIM5_IRQHandler
                0x0800296c                DMA2_Stream7_IRQHandler
                0x0800296c                I2C3_EV_IRQHandler
                0x0800296c                EXTI9_5_IRQHandler
                0x0800296c                RTC_WKUP_IRQHandler
                0x0800296c                SPI2_IRQHandler
                0x0800296c                DMA1_Stream0_IRQHandler
                0x0800296c                EXTI4_IRQHandler
                0x0800296c                WWDG_IRQHandler
                0x0800296c                TIM2_IRQHandler
                0x0800296c                OTG_FS_WKUP_IRQHandler
                0x0800296c                TIM1_TRG_COM_TIM11_IRQHandler
                0x0800296c                EXTI1_IRQHandler
                0x0800296c                USART2_IRQHandler
                0x0800296c                I2C2_ER_IRQHandler
                0x0800296c                DMA2_Stream1_IRQHandler
                0x0800296c                FLASH_IRQHandler
                0x0800296c                DMA2_Stream4_IRQHandler
                0x0800296c                USART1_IRQHandler
                0x0800296c                SPI3_IRQHandler
                0x0800296c                DMA1_Stream4_IRQHandler
                0x0800296c                I2C1_ER_IRQHandler
                0x0800296c                DMA2_Stream6_IRQHandler
                0x0800296c                DMA1_Stream3_IRQHandler
 *fill*         0x0800296e        0x2 
 .text.__libc_init_array
                0x08002970       0x48 c:/program files (x86)/atollic/truestudio for arm 8.0.0/armtools/bin/../lib/gcc/arm-atollic-eabi/6.3.1/../../../../arm-atollic-eabi/lib/armv7e-m/fpu\libc_nano.a(lib_a-init.o)
                0x08002970                __libc_init_array
 *(.glue_7)
 .glue_7        0x080029b8        0x0 linker stubs
 *(.glue_7t)
 .glue_7t       0x080029b8        0x0 linker stubs
 *(.eh_frame)
 .eh_frame      0x080029b8        0x0 c:/program files (x86)/atollic/truestudio for arm 8.0.0/armtools/bin/../lib/gcc/arm-atollic-eabi/6.3.1/armv7e-m/fpu/crtbegin.o
 *(.init)
 .init          0x080029b8        0x4 c:/program files (x86)/atollic/truestudio for arm 8.0.0/armtools/bin/../lib/gcc/arm-atollic-eabi/6.3.1/armv7e-m/fpu/crti.o
                0x080029b8                _init
 .init          0x080029bc        0x8 c:/program files (x86)/atollic/truestudio for arm 8.0.0/armtools/bin/../lib/gcc/arm-atollic-eabi/6.3.1/armv7e-m/fpu/crtn.o
 *(.fini)
 .fini          0x080029c4        0x4 c:/program files (x86)/atollic/truestudio for arm 8.0.0/armtools/bin/../lib/gcc/arm-atollic-eabi/6.3.1/armv7e-m/fpu/crti.o
                0x080029c4                _fini
 .fini          0x080029c8        0x8 c:/program files (x86)/atollic/truestudio for arm 8.0.0/armtools/bin/../lib/gcc/arm-atollic-eabi/6.3.1/armv7e-m/fpu/crtn.o
                0x080029d0                . = ALIGN (0x4)
                0x080029d0                _etext = .

.vfp11_veneer   0x080029d0        0x0
 .vfp11_veneer  0x080029d0        0x0 linker stubs

.v4_bx          0x080029d0        0x0
 .v4_bx         0x080029d0        0x0 linker stubs

.iplt           0x080029d0        0x0
 .iplt          0x080029d0        0x0 c:/program files (x86)/atollic/truestudio for arm 8.0.0/armtools/bin/../lib/gcc/arm-atollic-eabi/6.3.1/armv7e-m/fpu/crtbegin.o

.rodata         0x080029d0       0xd8
                0x080029d0                . = ALIGN (0x4)
 *(.rodata)
 *(.rodata*)
 .rodata.USBD_ECM
                0x080029d0       0x38 Middlewares\ST\STM32_USB_Device_Library\Class\CDC\Src\usbd_ecm.o
                0x080029d0                USBD_ECM
 .rodata.parameters
                0x08002a08        0x4 Middlewares\ST\STM32_USB_Device_Library\Class\CDC\Src\usbd_ecm.o
 .rodata.AHBPrescTable
                0x08002a0c       0x10 Src\system_stm32f4xx.o
                0x08002a0c                AHBPrescTable
 .rodata.USBD_CfgFSDesc_len
                0x08002a1c        0x2 Src\usbd_desc.o
                0x08002a1c                USBD_CfgFSDesc_len
 *fill*         0x08002a1e        0x2 
 .rodata.USBD_CfgFSDesc_pnt
                0x08002a20        0x4 Src\usbd_desc.o
                0x08002a20                USBD_CfgFSDesc_pnt
 .rodata.USBD_ECM_CfgFSDesc
                0x08002a24       0x47 Src\usbd_desc.o
 .rodata.USBD_LangIDDesc
                0x08002a6b        0x4 Src\usbd_desc.o
 .rodata.USBD_VCP_ManufacturerStrDescriptor.str1.1
                0x08002a6f        0x5 Src\usbd_desc.o
 .rodata.USBD_VCP_ProductStrDescriptor.str1.1
                0x08002a74        0x4 Src\usbd_desc.o
 .rodata.VCP_Desc
                0x08002a78       0x1c Src\usbd_desc.o
                0x08002a78                VCP_Desc
 .rodata.hUSBDDeviceDesc
                0x08002a94       0x12 Src\usbd_desc.o
                0x08002aa8                . = ALIGN (0x4)
 *fill*         0x08002aa6        0x2 

.ARM.extab
 *(.ARM.extab* .gnu.linkonce.armextab.*)

.ARM            0x08002aa8        0x8
                0x08002aa8                __exidx_start = .
 *(.ARM.exidx*)
 .ARM.exidx     0x08002aa8        0x8 c:/program files (x86)/atollic/truestudio for arm 8.0.0/armtools/bin/../lib/gcc/arm-atollic-eabi/6.3.1/armv7e-m/fpu\libgcc.a(_udivmoddi4.o)
                0x08002ab0                __exidx_end = .

.rel.dyn        0x08002ab0        0x0
 .rel.iplt      0x08002ab0        0x0 c:/program files (x86)/atollic/truestudio for arm 8.0.0/armtools/bin/../lib/gcc/arm-atollic-eabi/6.3.1/armv7e-m/fpu/crtbegin.o

.preinit_array  0x08002ab0        0x0
                0x08002ab0                PROVIDE (__preinit_array_start, .)
 *(.preinit_array*)
                0x08002ab0                PROVIDE (__preinit_array_end, .)

.init_array     0x08002ab0        0x4
                0x08002ab0                PROVIDE (__init_array_start, .)
 *(SORT(.init_array.*))
 *(.init_array*)
 .init_array    0x08002ab0        0x4 c:/program files (x86)/atollic/truestudio for arm 8.0.0/armtools/bin/../lib/gcc/arm-atollic-eabi/6.3.1/armv7e-m/fpu/crtbegin.o
                0x08002ab4                PROVIDE (__init_array_end, .)

.fini_array     0x08002ab4        0x4
                [!provide]                PROVIDE (__fini_array_start, .)
 *(SORT(.fini_array.*))
 *(.fini_array*)
 .fini_array    0x08002ab4        0x4 c:/program files (x86)/atollic/truestudio for arm 8.0.0/armtools/bin/../lib/gcc/arm-atollic-eabi/6.3.1/armv7e-m/fpu/crtbegin.o
                [!provide]                PROVIDE (__fini_array_end, .)
                0x08002ab8                _sidata = LOADADDR (.data)

.data           0x20000000        0x4 load address 0x08002ab8
                0x20000000                . = ALIGN (0x4)
                0x20000000                _sdata = .
 *(.data)
 *(.data*)
 .data.SystemCoreClock
                0x20000000        0x4 Src\system_stm32f4xx.o
                0x20000000                SystemCoreClock
                0x20000004                . = ALIGN (0x4)
                0x20000004                _edata = .

.igot.plt       0x20000004        0x0 load address 0x08002abc
 .igot.plt      0x20000004        0x0 c:/program files (x86)/atollic/truestudio for arm 8.0.0/armtools/bin/../lib/gcc/arm-atollic-eabi/6.3.1/armv7e-m/fpu/crtbegin.o
                0x20000004                . = ALIGN (0x4)

.bss            0x20000004      0xd74 load address 0x08002abc
                0x20000004                _sbss = .
                0x20000004                __bss_start__ = _sbss
 *(.bss)
 .bss           0x20000004       0x1c c:/program files (x86)/atollic/truestudio for arm 8.0.0/armtools/bin/../lib/gcc/arm-atollic-eabi/6.3.1/armv7e-m/fpu/crtbegin.o
 *(.bss*)
 .bss.context   0x20000020      0x638 Middlewares\ST\STM32_USB_Device_Library\Class\CDC\Src\usbd_ecm.o
 .bss.registered_pdev
                0x20000658        0x4 Middlewares\ST\STM32_USB_Device_Library\Class\CDC\Src\usbd_ecm.o
 .bss.cfgidx.9179
                0x2000065c        0x1 Middlewares\ST\STM32_USB_Device_Library\Core\Src\usbd_ctlreq.o
 .bss.USBD_StrDesc
                0x2000065d      0x100 Src\usbd_desc.o
 *(COMMON)
 *fill*         0x2000075d        0x3 
 COMMON         0x20000760        0x4 Drivers\STM32F4xx_HAL_Driver\Src\stm32f4xx_hal.o
                0x20000760                uwTick
 COMMON         0x20000764      0x224 Src\usb_device.o
                0x20000764                hUsbDeviceFS
 COMMON         0x20000988      0x3f0 Src\usbd_conf.o
                0x20000988                hpcd
                0x20000d78                . = ALIGN (0x4)
                0x20000d78                _ebss = .
                0x20000d78                __bss_end__ = _ebss

._user_heap_stack
                0x20000d78      0x600 load address 0x08002abc
                0x20000d78                . = ALIGN (0x4)
                [!provide]                PROVIDE (end, .)
                [!provide]                PROVIDE (_end, .)
                0x20000f78                . = (. + _Min_Heap_Size)
 *fill*         0x20000d78      0x200 
                0x20001378                . = (. + _Min_Stack_Size)
 *fill*         0x20000f78      0x400 
                0x20001378                . = ALIGN (0x4)

/DISCARD/
 libc.a(*)
 libm.a(*)
 libgcc.a(*)

.ARM.attributes
                0x00000000       0x30
 *(.ARM.attributes)
 .ARM.attributes
                0x00000000       0x22 c:/program files (x86)/atollic/truestudio for arm 8.0.0/armtools/bin/../lib/gcc/arm-atollic-eabi/6.3.1/armv7e-m/fpu/crti.o
 .ARM.attributes
                0x00000022       0x34 c:/program files (x86)/atollic/truestudio for arm 8.0.0/armtools/bin/../lib/gcc/arm-atollic-eabi/6.3.1/armv7e-m/fpu/crtbegin.o
 .ARM.attributes
                0x00000056       0x39 Drivers\STM32F4xx_HAL_Driver\Src\stm32f4xx_hal.o
 .ARM.attributes
                0x0000008f       0x39 Drivers\STM32F4xx_HAL_Driver\Src\stm32f4xx_hal_cortex.o
 .ARM.attributes
                0x000000c8       0x39 Drivers\STM32F4xx_HAL_Driver\Src\stm32f4xx_hal_gpio.o
 .ARM.attributes
                0x00000101       0x39 Drivers\STM32F4xx_HAL_Driver\Src\stm32f4xx_hal_pcd.o
 .ARM.attributes
                0x0000013a       0x39 Drivers\STM32F4xx_HAL_Driver\Src\stm32f4xx_hal_rcc.o
 .ARM.attributes
                0x00000173       0x39 Drivers\STM32F4xx_HAL_Driver\Src\stm32f4xx_ll_usb.o
 .ARM.attributes
                0x000001ac       0x39 Middlewares\ST\STM32_USB_Device_Library\Class\CDC\Src\usbd_ecm.o
 .ARM.attributes
                0x000001e5       0x39 Middlewares\ST\STM32_USB_Device_Library\Core\Src\usbd_core.o
 .ARM.attributes
                0x0000021e       0x39 Middlewares\ST\STM32_USB_Device_Library\Core\Src\usbd_ctlreq.o
 .ARM.attributes
                0x00000257       0x39 Middlewares\ST\STM32_USB_Device_Library\Core\Src\usbd_ioreq.o
 .ARM.attributes
                0x00000290       0x39 Src\NetworkInterface.o
 .ARM.attributes
                0x000002c9       0x39 Src\main.o
 .ARM.attributes
                0x00000302       0x39 Src\stm32f4xx_hal_msp.o
 .ARM.attributes
                0x0000033b       0x39 Src\stm32f4xx_it.o
 .ARM.attributes
                0x00000374       0x39 Src\system_stm32f4xx.o
 .ARM.attributes
                0x000003ad       0x39 Src\usb_device.o
 .ARM.attributes
                0x000003e6       0x39 Src\usbd_conf.o
 .ARM.attributes
                0x0000041f       0x39 Src\usbd_desc.o
 .ARM.attributes
                0x00000458       0x21 startup\startup_stm32f411xe.o
 .ARM.attributes
                0x00000479       0x34 c:/program files (x86)/atollic/truestudio for arm 8.0.0/armtools/bin/../lib/gcc/arm-atollic-eabi/6.3.1/../../../../arm-atollic-eabi/lib/armv7e-m/fpu\libc_nano.a(lib_a-init.o)
 .ARM.attributes
                0x000004ad       0x22 c:/program files (x86)/atollic/truestudio for arm 8.0.0/armtools/bin/../lib/gcc/arm-atollic-eabi/6.3.1/armv7e-m/fpu\libgcc.a(_aeabi_uldivmod.o)
 .ARM.attributes
                0x000004cf       0x34 c:/program files (x86)/atollic/truestudio for arm 8.0.0/armtools/bin/../lib/gcc/arm-atollic-eabi/6.3.1/armv7e-m/fpu\libgcc.a(_udivmoddi4.o)
 .ARM.attributes
                0x00000503       0x22 c:/program files (x86)/atollic/truestudio for arm 8.0.0/armtools/bin/../lib/gcc/arm-atollic-eabi/6.3.1/armv7e-m/fpu\libgcc.a(_dvmd_tls.o)
 .ARM.attributes
                0x00000525       0x22 c:/program files (x86)/atollic/truestudio for arm 8.0.0/armtools/bin/../lib/gcc/arm-atollic-eabi/6.3.1/armv7e-m/fpu/crtn.o
OUTPUT(TCC2.elf elf32-littlearm)

.debug_info     0x00000000    0x162e0
 .debug_info    0x00000000     0x1094 Drivers\STM32F4xx_HAL_Driver\Src\stm32f4xx_hal.o
 .debug_info    0x00001094     0x16b4 Drivers\STM32F4xx_HAL_Driver\Src\stm32f4xx_hal_cortex.o
 .debug_info    0x00002748      0xfb0 Drivers\STM32F4xx_HAL_Driver\Src\stm32f4xx_hal_gpio.o
 .debug_info    0x000036f8     0x1c57 Drivers\STM32F4xx_HAL_Driver\Src\stm32f4xx_hal_pcd.o
 .debug_info    0x0000534f     0x1266 Drivers\STM32F4xx_HAL_Driver\Src\stm32f4xx_hal_rcc.o
 .debug_info    0x000065b5     0x1f59 Drivers\STM32F4xx_HAL_Driver\Src\stm32f4xx_ll_usb.o
 .debug_info    0x0000850e     0x182b Middlewares\ST\STM32_USB_Device_Library\Class\CDC\Src\usbd_ecm.o
 .debug_info    0x00009d39     0x1466 Middlewares\ST\STM32_USB_Device_Library\Core\Src\usbd_core.o
 .debug_info    0x0000b19f     0x1499 Middlewares\ST\STM32_USB_Device_Library\Core\Src\usbd_ctlreq.o
 .debug_info    0x0000c638      0xfc5 Middlewares\ST\STM32_USB_Device_Library\Core\Src\usbd_ioreq.o
 .debug_info    0x0000d5fd     0x117e Src\NetworkInterface.o
 .debug_info    0x0000e77b     0x13fc Src\main.o
 .debug_info    0x0000fb77      0xbd1 Src\stm32f4xx_hal_msp.o
 .debug_info    0x00010748      0xdb6 Src\stm32f4xx_it.o
 .debug_info    0x000114fe      0xd46 Src\system_stm32f4xx.o
 .debug_info    0x00012244      0xdfd Src\usb_device.o
 .debug_info    0x00013041     0x1e9e Src\usbd_conf.o
 .debug_info    0x00014edf     0x1391 Src\usbd_desc.o
 .debug_info    0x00016270       0x70 startup\startup_stm32f411xe.o

.debug_abbrev   0x00000000     0x30e8
 .debug_abbrev  0x00000000      0x2cf Drivers\STM32F4xx_HAL_Driver\Src\stm32f4xx_hal.o
 .debug_abbrev  0x000002cf      0x399 Drivers\STM32F4xx_HAL_Driver\Src\stm32f4xx_hal_cortex.o
 .debug_abbrev  0x00000668      0x268 Drivers\STM32F4xx_HAL_Driver\Src\stm32f4xx_hal_gpio.o
 .debug_abbrev  0x000008d0      0x397 Drivers\STM32F4xx_HAL_Driver\Src\stm32f4xx_hal_pcd.o
 .debug_abbrev  0x00000c67      0x348 Drivers\STM32F4xx_HAL_Driver\Src\stm32f4xx_hal_rcc.o
 .debug_abbrev  0x00000faf      0x380 Drivers\STM32F4xx_HAL_Driver\Src\stm32f4xx_ll_usb.o
 .debug_abbrev  0x0000132f      0x348 Middlewares\ST\STM32_USB_Device_Library\Class\CDC\Src\usbd_ecm.o
 .debug_abbrev  0x00001677      0x308 Middlewares\ST\STM32_USB_Device_Library\Core\Src\usbd_core.o
 .debug_abbrev  0x0000197f      0x3aa Middlewares\ST\STM32_USB_Device_Library\Core\Src\usbd_ctlreq.o
 .debug_abbrev  0x00001d29      0x1da Middlewares\ST\STM32_USB_Device_Library\Core\Src\usbd_ioreq.o
 .debug_abbrev  0x00001f03      0x1f6 Src\NetworkInterface.o
 .debug_abbrev  0x000020f9      0x2c0 Src\main.o
 .debug_abbrev  0x000023b9      0x1d3 Src\stm32f4xx_hal_msp.o
 .debug_abbrev  0x0000258c      0x23e Src\stm32f4xx_it.o
 .debug_abbrev  0x000027ca      0x1ca Src\system_stm32f4xx.o
 .debug_abbrev  0x00002994      0x1d7 Src\usb_device.o
 .debug_abbrev  0x00002b6b      0x325 Src\usbd_conf.o
 .debug_abbrev  0x00002e90      0x246 Src\usbd_desc.o
 .debug_abbrev  0x000030d6       0x12 startup\startup_stm32f411xe.o

.debug_loc      0x00000000     0x4996
 .debug_loc     0x00000000       0x69 Drivers\STM32F4xx_HAL_Driver\Src\stm32f4xx_hal.o
 .debug_loc     0x00000069      0x4fb Drivers\STM32F4xx_HAL_Driver\Src\stm32f4xx_hal_cortex.o
 .debug_loc     0x00000564      0x381 Drivers\STM32F4xx_HAL_Driver\Src\stm32f4xx_hal_gpio.o
 .debug_loc     0x000008e5      0xb60 Drivers\STM32F4xx_HAL_Driver\Src\stm32f4xx_hal_pcd.o
 .debug_loc     0x00001445      0x2d3 Drivers\STM32F4xx_HAL_Driver\Src\stm32f4xx_hal_rcc.o
 .debug_loc     0x00001718     0x1632 Drivers\STM32F4xx_HAL_Driver\Src\stm32f4xx_ll_usb.o
 .debug_loc     0x00002d4a      0x382 Middlewares\ST\STM32_USB_Device_Library\Class\CDC\Src\usbd_ecm.o
 .debug_loc     0x000030cc      0x5f2 Middlewares\ST\STM32_USB_Device_Library\Core\Src\usbd_core.o
 .debug_loc     0x000036be      0x7cd Middlewares\ST\STM32_USB_Device_Library\Core\Src\usbd_ctlreq.o
 .debug_loc     0x00003e8b      0x23c Middlewares\ST\STM32_USB_Device_Library\Core\Src\usbd_ioreq.o
 .debug_loc     0x000040c7      0x11c Src\system_stm32f4xx.o
 .debug_loc     0x000041e3      0x638 Src\usbd_conf.o
 .debug_loc     0x0000481b      0x17b Src\usbd_desc.o

.debug_aranges  0x00000000      0x8b0
 .debug_aranges
                0x00000000       0xc0 Drivers\STM32F4xx_HAL_Driver\Src\stm32f4xx_hal.o
 .debug_aranges
                0x000000c0       0xa8 Drivers\STM32F4xx_HAL_Driver\Src\stm32f4xx_hal_cortex.o
 .debug_aranges
                0x00000168       0x58 Drivers\STM32F4xx_HAL_Driver\Src\stm32f4xx_hal_gpio.o
 .debug_aranges
                0x000001c0       0xc0 Drivers\STM32F4xx_HAL_Driver\Src\stm32f4xx_hal_pcd.o
 .debug_aranges
                0x00000280       0x88 Drivers\STM32F4xx_HAL_Driver\Src\stm32f4xx_hal_rcc.o
 .debug_aranges
                0x00000308      0x178 Drivers\STM32F4xx_HAL_Driver\Src\stm32f4xx_ll_usb.o
 .debug_aranges
                0x00000480       0x80 Middlewares\ST\STM32_USB_Device_Library\Class\CDC\Src\usbd_ecm.o
 .debug_aranges
                0x00000500       0xa8 Middlewares\ST\STM32_USB_Device_Library\Core\Src\usbd_core.o
 .debug_aranges
                0x000005a8       0x50 Middlewares\ST\STM32_USB_Device_Library\Core\Src\usbd_ctlreq.o
 .debug_aranges
                0x000005f8       0x50 Middlewares\ST\STM32_USB_Device_Library\Core\Src\usbd_ioreq.o
 .debug_aranges
                0x00000648       0x28 Src\NetworkInterface.o
 .debug_aranges
                0x00000670       0x30 Src\main.o
 .debug_aranges
                0x000006a0       0x20 Src\stm32f4xx_hal_msp.o
 .debug_aranges
                0x000006c0       0x48 Src\stm32f4xx_it.o
 .debug_aranges
                0x00000708       0x28 Src\system_stm32f4xx.o
 .debug_aranges
                0x00000730       0x20 Src\usb_device.o
 .debug_aranges
                0x00000750       0xf0 Src\usbd_conf.o
 .debug_aranges
                0x00000840       0x48 Src\usbd_desc.o
 .debug_aranges
                0x00000888       0x28 startup\startup_stm32f411xe.o

.debug_ranges   0x00000000      0x988
 .debug_ranges  0x00000000       0xb0 Drivers\STM32F4xx_HAL_Driver\Src\stm32f4xx_hal.o
 .debug_ranges  0x000000b0      0x138 Drivers\STM32F4xx_HAL_Driver\Src\stm32f4xx_hal_cortex.o
 .debug_ranges  0x000001e8       0x68 Drivers\STM32F4xx_HAL_Driver\Src\stm32f4xx_hal_gpio.o
 .debug_ranges  0x00000250       0xc8 Drivers\STM32F4xx_HAL_Driver\Src\stm32f4xx_hal_pcd.o
 .debug_ranges  0x00000318       0xc8 Drivers\STM32F4xx_HAL_Driver\Src\stm32f4xx_hal_rcc.o
 .debug_ranges  0x000003e0      0x180 Drivers\STM32F4xx_HAL_Driver\Src\stm32f4xx_ll_usb.o
 .debug_ranges  0x00000560       0x70 Middlewares\ST\STM32_USB_Device_Library\Class\CDC\Src\usbd_ecm.o
 .debug_ranges  0x000005d0       0x98 Middlewares\ST\STM32_USB_Device_Library\Core\Src\usbd_core.o
 .debug_ranges  0x00000668       0xc0 Middlewares\ST\STM32_USB_Device_Library\Core\Src\usbd_ctlreq.o
 .debug_ranges  0x00000728       0x40 Middlewares\ST\STM32_USB_Device_Library\Core\Src\usbd_ioreq.o
 .debug_ranges  0x00000768       0x18 Src\NetworkInterface.o
 .debug_ranges  0x00000780       0x48 Src\main.o
 .debug_ranges  0x000007c8       0x10 Src\stm32f4xx_hal_msp.o
 .debug_ranges  0x000007d8       0x38 Src\stm32f4xx_it.o
 .debug_ranges  0x00000810       0x18 Src\system_stm32f4xx.o
 .debug_ranges  0x00000828       0x10 Src\usb_device.o
 .debug_ranges  0x00000838       0xf8 Src\usbd_conf.o
 .debug_ranges  0x00000930       0x38 Src\usbd_desc.o
 .debug_ranges  0x00000968       0x20 startup\startup_stm32f411xe.o

.debug_line     0x00000000     0x5202
 .debug_line    0x00000000      0x435 Drivers\STM32F4xx_HAL_Driver\Src\stm32f4xx_hal.o
 .debug_line    0x00000435      0x4d6 Drivers\STM32F4xx_HAL_Driver\Src\stm32f4xx_hal_cortex.o
 .debug_line    0x0000090b      0x458 Drivers\STM32F4xx_HAL_Driver\Src\stm32f4xx_hal_gpio.o
 .debug_line    0x00000d63      0x744 Drivers\STM32F4xx_HAL_Driver\Src\stm32f4xx_hal_pcd.o
 .debug_line    0x000014a7      0x579 Drivers\STM32F4xx_HAL_Driver\Src\stm32f4xx_hal_rcc.o
 .debug_line    0x00001a20      0x8e5 Drivers\STM32F4xx_HAL_Driver\Src\stm32f4xx_ll_usb.o
 .debug_line    0x00002305      0x4f5 Middlewares\ST\STM32_USB_Device_Library\Class\CDC\Src\usbd_ecm.o
 .debug_line    0x000027fa      0x4ec Middlewares\ST\STM32_USB_Device_Library\Core\Src\usbd_core.o
 .debug_line    0x00002ce6      0x46c Middlewares\ST\STM32_USB_Device_Library\Core\Src\usbd_ctlreq.o
 .debug_line    0x00003152      0x382 Middlewares\ST\STM32_USB_Device_Library\Core\Src\usbd_ioreq.o
 .debug_line    0x000034d4      0x3b9 Src\NetworkInterface.o
 .debug_line    0x0000388d      0x3e1 Src\main.o
 .debug_line    0x00003c6e      0x283 Src\stm32f4xx_hal_msp.o
 .debug_line    0x00003ef1      0x320 Src\stm32f4xx_it.o
 .debug_line    0x00004211      0x26f Src\system_stm32f4xx.o
 .debug_line    0x00004480      0x34d Src\usb_device.o
 .debug_line    0x000047cd      0x5e4 Src\usbd_conf.o
 .debug_line    0x00004db1      0x3d2 Src\usbd_desc.o
 .debug_line    0x00005183       0x7f startup\startup_stm32f411xe.o

.debug_str      0x00000000     0x33d8
 .debug_str     0x00000000      0xd16 Drivers\STM32F4xx_HAL_Driver\Src\stm32f4xx_hal.o
                                0xdb6 (size before relaxing)
 .debug_str     0x00000d16      0x3cf Drivers\STM32F4xx_HAL_Driver\Src\stm32f4xx_hal_cortex.o
                                0xf31 (size before relaxing)
 .debug_str     0x000010e5      0x1d8 Drivers\STM32F4xx_HAL_Driver\Src\stm32f4xx_hal_gpio.o
                                0x971 (size before relaxing)
 .debug_str     0x000012bd      0x9cf Drivers\STM32F4xx_HAL_Driver\Src\stm32f4xx_hal_pcd.o
                               0x1067 (size before relaxing)
 .debug_str     0x00001c8c      0x2bc Drivers\STM32F4xx_HAL_Driver\Src\stm32f4xx_hal_rcc.o
                                0xb2b (size before relaxing)
 .debug_str     0x00001f48      0x3c4 Drivers\STM32F4xx_HAL_Driver\Src\stm32f4xx_ll_usb.o
                               0x100f (size before relaxing)
 .debug_str     0x0000230c      0x633 Middlewares\ST\STM32_USB_Device_Library\Class\CDC\Src\usbd_ecm.o
                               0x1001 (size before relaxing)
 .debug_str     0x0000293f      0x28d Middlewares\ST\STM32_USB_Device_Library\Core\Src\usbd_core.o
                                0xcba (size before relaxing)
 .debug_str     0x00002bcc      0x136 Middlewares\ST\STM32_USB_Device_Library\Core\Src\usbd_ctlreq.o
                                0xbd4 (size before relaxing)
 .debug_str     0x00002d02       0x63 Middlewares\ST\STM32_USB_Device_Library\Core\Src\usbd_ioreq.o
                                0xb01 (size before relaxing)
 .debug_str     0x00002d65       0x40 Src\NetworkInterface.o
                                0xd45 (size before relaxing)
 .debug_str     0x00002da5       0x67 Src\main.o
                               0x1097 (size before relaxing)
 .debug_str     0x00002e0c       0x1b Src\stm32f4xx_hal_msp.o
                                0xa0c (size before relaxing)
 .debug_str     0x00002e27       0xb6 Src\stm32f4xx_it.o
                                0xa10 (size before relaxing)
 .debug_str     0x00002edd       0x45 Src\system_stm32f4xx.o
                                0x7d5 (size before relaxing)
 .debug_str     0x00002f22       0x14 Src\usb_device.o
                                0xa68 (size before relaxing)
 .debug_str     0x00002f36       0x31 Src\usbd_conf.o
                               0x16f2 (size before relaxing)
 .debug_str     0x00002f67      0x471 Src\usbd_desc.o
                                0xe7d (size before relaxing)

.comment        0x00000000       0x7c
 .comment       0x00000000       0x7c Drivers\STM32F4xx_HAL_Driver\Src\stm32f4xx_hal.o
                                 0x7d (size before relaxing)
 .comment       0x0000007c       0x7d Drivers\STM32F4xx_HAL_Driver\Src\stm32f4xx_hal_cortex.o
 .comment       0x0000007c       0x7d Drivers\STM32F4xx_HAL_Driver\Src\stm32f4xx_hal_gpio.o
 .comment       0x0000007c       0x7d Drivers\STM32F4xx_HAL_Driver\Src\stm32f4xx_hal_pcd.o
 .comment       0x0000007c       0x7d Drivers\STM32F4xx_HAL_Driver\Src\stm32f4xx_hal_rcc.o
 .comment       0x0000007c       0x7d Drivers\STM32F4xx_HAL_Driver\Src\stm32f4xx_ll_usb.o
 .comment       0x0000007c       0x7d Middlewares\ST\STM32_USB_Device_Library\Class\CDC\Src\usbd_ecm.o
 .comment       0x0000007c       0x7d Middlewares\ST\STM32_USB_Device_Library\Core\Src\usbd_core.o
 .comment       0x0000007c       0x7d Middlewares\ST\STM32_USB_Device_Library\Core\Src\usbd_ctlreq.o
 .comment       0x0000007c       0x7d Middlewares\ST\STM32_USB_Device_Library\Core\Src\usbd_ioreq.o
 .comment       0x0000007c       0x7d Src\NetworkInterface.o
 .comment       0x0000007c       0x7d Src\main.o
 .comment       0x0000007c       0x7d Src\stm32f4xx_hal_msp.o
 .comment       0x0000007c       0x7d Src\stm32f4xx_it.o
 .comment       0x0000007c       0x7d Src\system_stm32f4xx.o
 .comment       0x0000007c       0x7d Src\usb_device.o
 .comment       0x0000007c       0x7d Src\usbd_conf.o
 .comment       0x0000007c       0x7d Src\usbd_desc.o

.debug_frame    0x00000000     0x15f8
 .debug_frame   0x00000000      0x194 Drivers\STM32F4xx_HAL_Driver\Src\stm32f4xx_hal.o
 .debug_frame   0x00000194      0x158 Drivers\STM32F4xx_HAL_Driver\Src\stm32f4xx_hal_cortex.o
 .debug_frame   0x000002ec       0xd8 Drivers\STM32F4xx_HAL_Driver\Src\stm32f4xx_hal_gpio.o
 .debug_frame   0x000003c4      0x2c4 Drivers\STM32F4xx_HAL_Driver\Src\stm32f4xx_hal_pcd.o
 .debug_frame   0x00000688      0x138 Drivers\STM32F4xx_HAL_Driver\Src\stm32f4xx_hal_rcc.o
 .debug_frame   0x000007c0      0x468 Drivers\STM32F4xx_HAL_Driver\Src\stm32f4xx_ll_usb.o
 .debug_frame   0x00000c28      0x140 Middlewares\ST\STM32_USB_Device_Library\Class\CDC\Src\usbd_ecm.o
 .debug_frame   0x00000d68      0x1c0 Middlewares\ST\STM32_USB_Device_Library\Core\Src\usbd_core.o
 .debug_frame   0x00000f28       0xcc Middlewares\ST\STM32_USB_Device_Library\Core\Src\usbd_ctlreq.o
 .debug_frame   0x00000ff4       0xb8 Middlewares\ST\STM32_USB_Device_Library\Core\Src\usbd_ioreq.o
 .debug_frame   0x000010ac       0x30 Src\NetworkInterface.o
 .debug_frame   0x000010dc       0x58 Src\main.o
 .debug_frame   0x00001134       0x2c Src\stm32f4xx_hal_msp.o
 .debug_frame   0x00001160       0xac Src\stm32f4xx_it.o
 .debug_frame   0x0000120c       0x38 Src\system_stm32f4xx.o
 .debug_frame   0x00001244       0x2c Src\usb_device.o
 .debug_frame   0x00001270      0x264 Src\usbd_conf.o
 .debug_frame   0x000014d4       0x98 Src\usbd_desc.o
 .debug_frame   0x0000156c       0x2c c:/program files (x86)/atollic/truestudio for arm 8.0.0/armtools/bin/../lib/gcc/arm-atollic-eabi/6.3.1/../../../../arm-atollic-eabi/lib/armv7e-m/fpu\libc_nano.a(lib_a-init.o)
 .debug_frame   0x00001598       0x2c c:/program files (x86)/atollic/truestudio for arm 8.0.0/armtools/bin/../lib/gcc/arm-atollic-eabi/6.3.1/armv7e-m/fpu\libgcc.a(_aeabi_uldivmod.o)
 .debug_frame   0x000015c4       0x34 c:/program files (x86)/atollic/truestudio for arm 8.0.0/armtools/bin/../lib/gcc/arm-atollic-eabi/6.3.1/armv7e-m/fpu\libgcc.a(_udivmoddi4.o)
