usbd_conf.c:61:6:HAL_PCD_MspInit	40	static
usbd_conf.c:103:6:HAL_PCD_MspDeInit	8	static
usbd_conf.c:138:6:HAL_PCD_SetupStageCallback	0	static
usbd_conf.c:149:6:HAL_PCD_DataOutStageCallback	0	static
usbd_conf.c:160:6:HAL_PCD_DataInStageCallback	0	static
usbd_conf.c:170:6:HAL_PCD_SOFCallback	0	static
usbd_conf.c:180:6:HAL_PCD_ResetCallback	8	static
usbd_conf.c:192:6:HAL_PCD_SuspendCallback	0	static
usbd_conf.c:201:6:HAL_PCD_ResumeCallback	0	static
usbd_conf.c:211:6:HAL_PCD_ISOOUTIncompleteCallback	0	static
usbd_conf.c:222:6:HAL_PCD_ISOINIncompleteCallback	0	static
usbd_conf.c:232:6:HAL_PCD_ConnectCallback	0	static
usbd_conf.c:242:6:HAL_PCD_DisconnectCallback	0	static
usbd_conf.c:256:20:USBD_LL_Init	16	static
usbd_conf.c:293:20:USBD_LL_DeInit	8	static
usbd_conf.c:304:20:USBD_LL_Start	8	static
usbd_conf.c:315:20:USBD_LL_Stop	8	static
usbd_conf.c:329:20:USBD_LL_OpenEP	8	static
usbd_conf.c:348:20:USBD_LL_CloseEP	8	static
usbd_conf.c:360:20:USBD_LL_FlushEP	8	static
usbd_conf.c:372:20:USBD_LL_StallEP	8	static
usbd_conf.c:384:20:USBD_LL_ClearStallEP	8	static
usbd_conf.c:396:9:USBD_LL_IsStallEP	0	static
usbd_conf.c:416:20:USBD_LL_SetUSBAddress	8	static
usbd_conf.c:430:20:USBD_LL_Transmit	8	static
usbd_conf.c:448:20:USBD_LL_PrepareReceive	8	static
usbd_conf.c:464:10:USBD_LL_GetRxDataSize	8	static
usbd_conf.c:474:6:USBD_LL_Delay	0	static
